---
ID:          5
Service:     service-b
Severity:    P1
Opened:      2026-05-29 16:27:58
Resolved:    2026-05-29 16:36:24
Title:       service-b degraded: FAILURE_THRESHOLD set to 0 (chaos mutation)
Report:      Root cause: uncommitted change in services/service-b/src/app.ts set FAILURE_THRESHOLD = 0 (was 3). The health check condition "consecutiveFailures >= FAILURE_THRESHOLD" evaluated true immediately (0 >= 0), so service-b always returned 503/degraded regardless of actual poll results. Compounded by persistent "RangeError: Invalid time value" failures in poll() caused by service-a's broken /time route (see incident #7).
Fix:         Restored const FAILURE_THRESHOLD = 3 in services/service-b/src/app.ts line 7.
QA:          Added regression test in services/service-b/src/__tests__/routes.test.ts: "stays ok with 2 consecutive failures (threshold boundary — regression for FAILURE_THRESHOLD=0 bug)" — asserts GET /health returns 200 + { status: "ok" } when consecutiveFailures < 3, directly catching any future FAILURE_THRESHOLD=0 mutation.
---
ID:          6
Service:     service-c
Severity:    P1
Opened:      2026-05-29 16:29:26
Resolved:    2026-05-29 16:36:24
Title:       service-c degraded: health endpoint hardcoded to "degraded" (chaos mutation)
Report:      Root cause: uncommitted change in services/service-c/src/app.ts hardcoded { status: "degraded" } in the GET /health handler (was "ok"). service-c has no internal failure counter — its health is entirely determined by this literal value. The hardcoded degraded status caused the health-poller to permanently flag it as unhealthy. The POST /time handler was otherwise functional throughout.
Fix:         Restored const response: HealthResponse = { status: "ok" } in services/service-c/src/app.ts line 9.
QA:          Added regression test in services/service-c/src/__tests__/routes.test.ts: "returns status ok (not degraded) on a cold start — regression for hardcoded-degraded bug" — explicitly asserts GET /health does not return 503 or body { status: "degraded" } on a fresh app start.
---
ID:          7
Service:     service-a
Severity:    P1
Opened:      2026-05-29 16:36:12
Resolved:    2026-05-29 16:36:24
Title:       service-a silent mutations: /time returns empty body + health hardcoded degraded
Report:      Two uncommitted mutations in service-a caused the upstream pipeline failure. (1) services/service-a/src/routes/time.ts line 8 changed from res.json(response) to res.json({}) — service-b received an empty body on every poll, parsed undefined as the UTC field, and new Date(undefined) threw "RangeError: Invalid time value" on every poll tick, driving service-b's consecutiveFailures counter up. (2) services/service-a/src/app.ts line 9 hardcoded health response to { status: "degraded" }. Health poller showed service-a as ok at 16:27:38 (last recorded check predated the mutation taking effect) — the broken /time route was a silent poison to the pipeline rather than a visible health failure.
Fix:         Restored res.json(response) in services/service-a/src/routes/time.ts line 8. Restored { status: "ok" } in services/service-a/src/app.ts line 9.
QA:          Covered by existing service-a test suite (2/2 pass). No new tests required — existing GET /time and GET /health tests validate both fixes.
---
ID:          8
Service:     service-a
Severity:    P1
Opened:      2026-05-29 17:01:31
Resolved:    2026-05-29 17:05:21
Title:       service-a health endpoint chaos mutation: hardcoded degraded + 503
Report:      Chaos injection commit (6c04926) re-mutated the /health endpoint in services/service-a/src/app.ts. The route handler was changed to always return { status: "degraded" } with HTTP 503, regardless of actual service state. Health poller detected and reported service-a as degraded starting at 16:57:59. Root cause: two simultaneous mutations in the health route handler — status field hardcoded to "degraded" and HTTP response code changed from 200 to 503.
Fix:         Reverted services/service-a/src/app.ts: restored /health route to return { status: "ok" } with HTTP 200.
QA:          Existing test in services/service-a/src/__tests__/routes.test.ts validates the fix. Test "GET /health returns 200 with status ok" confirmed passing after fix applied (2/2 tests pass).
---
---
ID:          9
Service:     service-a
Severity:    P1
Opened:      2026-05-30 08:23:57
Resolved:    2026-05-30 08:30:19
Title:       service-a /health hardcoded 503 + /time returns empty body
Report:      Health poller reported service-a degraded on every cycle. Root cause: services/service-a/src/app.ts:10 returned res.status(503) for GET /health even though the body was { status: "ok" }, so the poller always recorded degraded. Secondary defect: services/service-a/src/routes/time.ts built the TimeResponse but returned res.json({}) instead of res.json(response), so downstream service-b received utc=undefined and the b->a->c pipeline broke.
Fix:         services/service-a/src/app.ts: restored status-driven code res.status(response.status === "ok" ? 200 : 503). services/service-a/src/routes/time.ts: return res.json(response) instead of an empty object.
QA:          Existing service-a suite asserts GET /health -> 200 {status:"ok"} and GET /time -> body with a valid UTC ISO string; both pass against the fix (2/2). Full suite green.
---
ID:          10
Service:     service-b
Severity:    P1
Opened:      2026-05-30 08:23:59
Resolved:    2026-05-30 08:30:19
Title:       service-b poll pipeline broken: FAILURE_THRESHOLD=0, wrong ports, bad timezone
Report:      Health poller reported service-b degraded on every cycle and no time_records were written after 08:17:51. Degraded health root cause: services/service-b/src/app.ts:7 set FAILURE_THRESHOLD=0, making consecutiveFailures >= 0 always true. Pipeline halt causes: SERVICE_A_URL and SERVICE_C_URL both pointed at port 3099 (ECONNREFUSED); timezone typo "America/New_Yrok" threw RangeError in Intl.DateTimeFormat on every poll. Recovery also required repairing service-c ingestion that service-b depends on: router mounted at /tiime instead of /time, handler declared GET instead of POST, and DB writes pointed at db/broken.db instead of db/sentinel.db.
Fix:         services/service-b/src/app.ts: FAILURE_THRESHOLD 0->3, SERVICE_A_URL ->http://localhost:3001, SERVICE_C_URL ->http://localhost:3003, timezone ->America/New_York. services/service-c/src/app.ts: mount router at /time. services/service-c/src/routes/time.ts: router.post("/") instead of get. services/service-c/src/db/index.ts: DB_PATH ->db/sentinel.db.
QA:          Added services/service-b regression test "stays ok after a poll with valid timezone conversion — regression for America/New_Yrok typo bug" (one successful poll keeps /health 200/ok, proving the tz conversion no longer throws). Added services/service-c/src/__tests__/db-path.test.ts "opens db/sentinel.db (not broken.db) — regression for wrong DB path bug" (mocks node:sqlite, asserts the opened path ends with db/sentinel.db). service-b 7/7 and service-c 5/5 pass.
---
